#-----------------------------------------------------------
# Webtalk v2020.2 (64-bit)
# SW Build 3064766 on Wed Nov 18 09:12:45 MST 2020
# IP Build 3064653 on Wed Nov 18 14:17:31 MST 2020
# Start of session at: Sat Dec  4 20:16:29 2021
# Process ID: 29944
# Current directory: C:/Xilinx/Vivado/2020.2/project_traffic_controller/project_traffic_controller.sim/sim_1/impl/func/xsim
# Command line: wbtcv.exe -mode batch -source C:/Xilinx/Vivado/2020.2/project_traffic_controller/project_traffic_controller.sim/sim_1/impl/func/xsim/xsim.dir/controller_TB_func_impl/webtalk/xsim_webtalk.tcl -notrace
# Log file: C:/Xilinx/Vivado/2020.2/project_traffic_controller/project_traffic_controller.sim/sim_1/impl/func/xsim/webtalk.log
# Journal file: C:/Xilinx/Vivado/2020.2/project_traffic_controller/project_traffic_controller.sim/sim_1/impl/func/xsim\webtalk.jou
#-----------------------------------------------------------
source C:/Xilinx/Vivado/2020.2/project_traffic_controller/project_traffic_controller.sim/sim_1/impl/func/xsim/xsim.dir/controller_TB_func_impl/webtalk/xsim_webtalk.tcl -notrace
